
> navar-blog-generator@0.1.0 build
> next build

??Next.js 16.1.6 (Turbopack)
- Environments: .env.local

  Creating an optimized production build ...
??Compiled successfully in 8.7s
  Running TypeScript ...
node.exe : Failed to compile.
위치 줄:1 문자:1
+ & "C:\Program Files\nodejs/node.exe" "C:\Program Files\nodejs/node_mo ...
+ ~~~~~~~~~~~~~~~~~~~~~~~~~~~~~~~~~~~~~~~~~~~~~~~~~~~~~~~~~~~~~~~~~~~~~
    + CategoryInfo          : NotSpecified: (Failed to compile.:String) [], RemoteException
    + FullyQualifiedErrorId : NativeCommandError
 

./src/app/page.tsx:181:57
Type error: No value exists in scope for the shorthand property 'deviceType'. Either declare one or provide an initializer.

[0m [90m 179 |[39m           [32m'Content-Type'[39m[33m:[39m [32m'application/json'[39m[33m,[39m
 [90m 180 |[39m         }[33m,[39m
[31m[1m>[22m[39m[90m 181 |[39m         body[33m:[39m [33mJSON[39m[33m.[39mstringify({ keyword[33m:[39m currentKeyword[33m,[39m deviceType })[33m,[39m
 [90m     |[39m                                                         [31m[1m^[22m[39m
 [90m 182 |[39m       })[33m;[39m
 [90m 183 |[39m
 [90m 184 |[39m       [36mif[39m ([33m![39mresponse[33m.[39mok) {[0m
Next.js build worker exited with code: 1 and signal: null
